// Vitest Snapshot v1, https://vitest.dev/guide/snapshot.html

exports[`AnnouncementController > getter judgment > should return judgment 1`] = `"Judgment has text"`;

exports[`AnnouncementController > getter publication > should return url 1`] = `"https://www.bodacc.fr/telechargements/COMMERCIALES/PDF/A/2022/20220227/1/BODACC_A_PDF_Unitaire_20220227_02158.pdf"`;

exports[`AnnouncementController > getter url > should return url 1`] = `"https://www.bodacc.fr/pages/annonces-commerciales-detail/?q.id=id:A202202272158"`;
