// Jest Snapshot v1, https://goo.gl/fbAQLP

exports[`UserRepository getUserWithSecretsByEmail should return user 1`] = `
Object {
  "_id": Any<ObjectId>,
  "active": false,
  "email": "test@beta.gouv.fr",
  "firstName": null,
  "hashPassword": Any<String>,
  "jwt": Object {
    "expirateDate": Any<Date>,
    "token": Any<String>,
  },
  "lastName": null,
  "profileToComplete": true,
  "roles": Array [
    "user",
  ],
  "signupAt": Any<Date>,
}
`;
