// Jest Snapshot v1, https://goo.gl/fbAQLP

exports[`AuthentificationController, /auth POST /activate should return user 1`] = `
Object {
  "_id": Any<String>,
  "active": true,
  "agentType": "CENTRAL_ADMIN",
  "email": "user@beta.gouv.fr",
  "firstName": null,
  "jobType": Array [],
  "jwt": Object {
    "expirateDate": Any<String>,
    "token": Any<String>,
  },
  "lastActivityDate": Any<String>,
  "lastName": null,
  "nbVisits": 0,
  "profileToComplete": false,
  "roles": Array [
    "user",
  ],
  "signupAt": Any<String>,
}
`;
