// Jest Snapshot v1, https://goo.gl/fbAQLP

exports[`VersementTableController extractHeaders() return an array of header 1`] = `
[
  "Montant vers√©",
  "Centre financier",
  "Date du versement",
]
`;
