// Jest Snapshot v1, https://goo.gl/fbAQLP

exports[`/association /{identifier}/grants should return grants with rna 1`] = `Array []`;

exports[`/association /{identifier}/grants should return grants with siren 1`] = `
Array [
  Object {
    "applications": Array [
      Object {
        "data": Object {
          "_id": Any<String>,
          "actions": Array [],
          "data": Object {},
          "legalInformations": Object {
            "name": "OSIRIS_ENTITY_FIXTURE",
            "rna": "W000000001",
            "siret": "00000000000001",
          },
          "provider": "Osiris",
          "providerInformations": Object {
            "amountAwarded": 0,
            "compteAssoId": "LE_COMPTE_ASSO_ID",
            "dateCommission": "2022-01-01T00:00:00.000Z",
            "ej": "EJ00001",
            "extractYear": 2022,
            "osirisId": "OSIRIS_ID",
          },
          "providerMatchingKeys": Array [
            "osirisId",
            "compteAssoId",
            "ej",
          ],
        },
        "joinKey": "EJ00001",
        "provider": "osiris",
        "type": "application",
      },
    ],
    "fullGrants": Array [],
    "payments": Array [],
  },
  Object {
    "applications": Array [],
    "fullGrants": Array [
      Object {
        "data": Object {
          "_id": Any<String>,
          "data": Object {},
          "indexedInformations": Object {
            "annee_demande": 2022,
            "code_postal": "75000",
            "code_poste": "D00000",
            "contact": "contact@beta.gouv.fr",
            "date_fin_triennale": "2022-01-03T00:00:00.000Z",
            "dispositif": "Dispositif",
            "montant_paye": 500,
            "plein_temps": "Oui",
            "raison": "Reconduction",
            "service_instructeur": "XXX",
            "status": "Attribué",
            "type_post": "POSTE",
            "unique_id": "unique_id",
            "updated_at": "2022-01-02T00:00:00.000Z",
            "ville": "Paris",
          },
          "legalInformations": Object {
            "name": "FONJET_ENTITY_FIXTURE",
            "siret": "00000000000002",
          },
          "payments": Array [],
        },
        "joinKey": "D00000 - 2022",
        "provider": "fonjep",
        "type": "fullGrant",
      },
    ],
    "payments": Array [],
  },
  Object {
    "applications": Array [
      Object {
        "data": Object {
          "_id": Any<String>,
          "grant": Object {
            "demande": Object {
              "annotations": Object {
                "Q2hhbXAtMjU0OTQ4Mw==": Object {
                  "label": "Instruction administrative",
                  "value": "",
                },
                "Q2hhbXAtMjU0OTU2MQ==": Object {
                  "label": "Si non, quelles sont les pièces jointes manquantes ?",
                  "value": "",
                },
                "Q2hhbXAtMjU0OTU2Mg==": Object {
                  "label": "Historique des échanges avec l'usager",
                  "value": "",
                },
                "Q2hhbXAtMjU0OTU2Mw==": Object {
                  "label": "Le bilan N-2 a-t-il été reçu ?",
                  "value": "true",
                },
                "Q2hhbXAtMjU0OTk3Ng==": Object {
                  "label": "Si oui, quel est l'avis sur le bilan ?",
                  "value": "oui",
                },
                "Q2hhbXAtMjU0OTk3Nw==": Object {
                  "label": "Si non, à quelle date la relance a-t-elle été réalisée ?",
                  "value": "",
                },
                "Q2hhbXAtMjU0OTk3OA==": Object {
                  "label": "Instruction métier et financière",
                  "value": "",
                },
                "Q2hhbXAtMjU0OTk4MA==": Object {
                  "label": "Appréciation globale du projet",
                  "value": "priorité 1",
                },
                "Q2hhbXAtMjU0OTk4MQ==": Object {
                  "label": "Montant de la subvention proposé",
                  "value": "1200",
                },
                "Q2hhbXAtMjU0OTk4Mg==": Object {
                  "label": "Montant de la subvention accordé",
                  "value": "",
                },
                "Q2hhbXAtMjU2ODk2Mg==": Object {
                  "label": "Le bilan N-1 a-t-il été reçu ?",
                  "value": "false",
                },
                "Q2hhbXAtMjU2OTA5MA==": Object {
                  "label": "Avis sur le dossier",
                  "value": "",
                },
                "Q2hhbXAtMjUzNTQzNg==": Object {
                  "label": "Le dossier est-il complet ?",
                  "value": "true",
                },
                "Q2hhbXAtMjY1MTUwMQ==": Object {
                  "label": "Eligibilité de la structure",
                  "value": "",
                },
              },
              "champs": Object {
                "Q2hhbXAtMjA5NDAyOA==": Object {
                  "label": "Recueil des données personnelles",
                  "value": "",
                },
                "Q2hhbXAtMjA5NDAzMw==": Object {
                  "label": "Information importante",
                  "value": "",
                },
                "Q2hhbXAtMjEyNjc5OA==": Object {
                  "label": "Informations préliminaires : données personnelles",
                  "value": "",
                },
                "Q2hhbXAtMjEyNjgwMg==": Object {
                  "label": "Information finale",
                  "value": "",
                },
                "Q2hhbXAtMjI4OTkyNw==": Object {
                  "label": "1. Identité du demandeur",
                  "value": "",
                },
                "Q2hhbXAtMjM0MDQ2Mw==": Object {
                  "label": "Description du projet",
                  "value": "La pratique artistique est très importante pour sensibiliser les jeunes [...]",
                },
                "Q2hhbXAtMjM2MzM2NQ==": Object {
                  "label": "Fonction",
                  "value": "Maire de la ville de Austrivage",
                },
                "Q2hhbXAtMjM2MzM2Nw==": Object {
                  "label": "Numéro de téléphone",
                  "value": "01 02 03 04 05",
                },
                "Q2hhbXAtMjM2MzM3NQ==": Object {
                  "label": "Numéro de téléphone",
                  "value": "01 02 03 04 05",
                },
                "Q2hhbXAtMjM2MzM3Ng==": Object {
                  "label": "Fonction",
                  "value": "Directrice du VOG - centre d'art contemporain de la ville de Austrivage",
                },
                "Q2hhbXAtMjM2MzQ5NQ==": Object {
                  "label": "Date de début du projet",
                  "value": "01 janvier 2023",
                },
                "Q2hhbXAtMjM2MzQ5Ng==": Object {
                  "label": "Date de fin du projet",
                  "value": "31 décembre 2023",
                },
                "Q2hhbXAtMjM2MzQwMg==": Object {
                  "label": "Intitulé du projet",
                  "value": "Atelier d'arts plastiques et d’écriture en Hors temps scolaire ",
                },
                "Q2hhbXAtMjM2MzQwNA==": Object {
                  "label": "Objectifs du projet",
                  "value": "Projet d'atelier d'arts plastiques [...]",
                },
                "Q2hhbXAtMjM2MzUxNg==": Object {
                  "label": "Indicateurs et méthodes d'évaluation",
                  "value": "Projet dans le cadre du PLEAC [...]",
                },
                "Q2hhbXAtMjM2MzUxNw==": Object {
                  "label": "Budget du projet",
                  "value": "",
                },
                "Q2hhbXAtMjM2MzUxOQ==": Object {
                  "label": "3. Attestations",
                  "value": "",
                },
                "Q2hhbXAtMjM2MzcxMQ==": Object {
                  "label": "Je soussigné(e)",
                  "value": "John Doe",
                },
                "Q2hhbXAtMjM2MzcxMg==": Object {
                  "label": "...représentant(e) légal(e) de la structure (ou personne dûment habilitée), déclare",
                  "value": "",
                },
                "Q2hhbXAtMjM2MzcxMw==": Object {
                  "label": "... que la structure est à jour de ses obligations administratives, comptables, sociales et fiscales (déclarations et paiements correspondants)",
                  "value": "true",
                },
                "Q2hhbXAtMjM2MzcxNw==": Object {
                  "label": "RIB (au format PDF)",
                  "value": "",
                },
                "Q2hhbXAtMjM2MzcxOA==": Object {
                  "label": "4. Pièces justificatives à joindre au dossier",
                  "value": "",
                },
                "Q2hhbXAtMjM2MzcyOQ==": Object {
                  "label": "Formulaire de demande",
                  "value": "",
                },
                "Q2hhbXAtMjMzNzMwNA==": Object {
                  "label": "Adresse mail",
                  "value": "mairie@ville-austrivage.az",
                },
                "Q2hhbXAtMjMzNzU1Mw==": Object {
                  "label": "Nom",
                  "value": "Doe",
                },
                "Q2hhbXAtMjMzNzU1NQ==": Object {
                  "label": "Nom",
                  "value": "Dunord",
                },
                "Q2hhbXAtMjMzNzU1Ng==": Object {
                  "label": "Adresse mail",
                  "value": "draka.dunord@ville-austrivage.fr",
                },
                "Q2hhbXAtMjMzOTQ4NA==": Object {
                  "label": "2.1. Présentation du projet",
                  "value": "",
                },
                "Q2hhbXAtMjQ4NzkwOQ==": Object {
                  "label": "Avez-vous sollicité un autre financeur public ?",
                  "value": "false",
                },
                "Q2hhbXAtMjQxOTI4NA==": Object {
                  "label": "Précision",
                  "value": "",
                },
                "Q2hhbXAtMjQxOTY3OA==": Object {
                  "label": "Informations complémentaires sur les bénéficiaires du projet",
                  "value": "Artistes impliqués en arts plastiques : [...]",
                },
                "Q2hhbXAtMjQxOTY4MQ==": Object {
                  "label": "Informations complémentaires sur le territoire du projet",
                  "value": "Projet dans le cadre du PLEAC",
                },
                "Q2hhbXAtMjU0ODEwMg==": Object {
                  "label": "Département(s) et commune(s) concerné(s) par le projet",
                  "value": "",
                },
                "Q2hhbXAtMjUwMjU1MA==": Object {
                  "label": "Avez-vous été subventionné(e) par le ministère de la Culture l’année dernière ?",
                  "value": "false",
                },
                "Q2hhbXAtMjUwNTg2OA==": Object {
                  "label": "Prénom",
                  "value": "John",
                },
                "Q2hhbXAtMjUwNTg2OQ==": Object {
                  "label": "Prénom",
                  "value": "Draka",
                },
                "Q2hhbXAtMjUwNTg3MA==": Object {
                  "label": "Personne chargée du suivi du présent dossier",
                  "value": "",
                },
                "Q2hhbXAtMjUwNjcxOQ==": Object {
                  "label": "Documents complémentaires relatifs au projet",
                  "value": "",
                },
                "Q2hhbXAtMjUwNjk5NA==": Object {
                  "label": "Les montants du budget sont exprimés en",
                  "value": "TTC",
                },
                "Q2hhbXAtMjY0NzI3MA==": Object {
                  "label": "Echelle de territoire du projet",
                  "value": "Intercommunale",
                },
                "Q2hhbXAtMjY4NDg1Ng==": Object {
                  "label": "Objet de la subvention",
                  "value": "Projet(s) / action(s)",
                },
                "Q2hhbXAtMjYzMzk3Ng==": Object {
                  "label": "Département(s) concerné(s) par le projet",
                  "value": "38 - Isère",
                },
                "Q2hhbXAtMjc1MTY4OA==": Object {
                  "label": "Domaine(s) culturel(s) et artistique(s)",
                  "value": "Arts visuels",
                },
                "Q2hhbXAtMjc3NTAzMA==": Object {
                  "label": "Précisions complémentaires",
                  "value": "",
                },
                "Q2hhbXAtMjc3NTI0Mg==": Object {
                  "label": "Votre structure bénéficie-t-elle d’une licence d’entrepreneurs du spectacle ?",
                  "value": "false",
                },
                "Q2hhbXAtMjcyMjc1Nw==": Object {
                  "label": "Vous êtes",
                  "value": "Une collectivité territoriale",
                },
                "Q2hhbXAtMjcyMjc3OA==": Object {
                  "label": "L'adresse de correspondance est",
                  "value": "L'adresse du siège social",
                },
                "Q2hhbXAtMjcyMjc4MA==": Object {
                  "label": "Représentant légal de la structure",
                  "value": "",
                },
                "Q2hhbXAtMjcyMjg2Ng==": Object {
                  "label": "La personne en charge du suivi du dossier est",
                  "value": "Une autre personne",
                },
                "Q2hhbXAtMjcyMjk5NQ==": Object {
                  "label": "2.2. Moyens humains affectés au projet",
                  "value": "",
                },
                "Q2hhbXAtMjcyMjk5OA==": Object {
                  "label": "Vous n'êtes pas concerné(e) par cette partie.",
                  "value": "",
                },
                "Q2hhbXAtMjcyMjkxMQ==": Object {
                  "label": "Votre projet se déroule-t-il en quartier prioritaire de la ville (QPV) ?",
                  "value": "false",
                },
                "Q2hhbXAtMjcyMzAxOA==": Object {
                  "label": "... exactes et sincères les informations du présent formulaire, notamment relatives aux demandes de subventions déposées auprès d'autres financeurs publics",
                  "value": "true",
                },
                "Q2hhbXAtMjcyMzAxOQ==": Object {
                  "label": "... que cette subvention, si elle est accordée, sera versée sur le compte bancaire de la structure",
                  "value": "true",
                },
                "Q2hhbXAtMjcyMzAyMA==": Object {
                  "label": "... que le montant total du budget prévisionnel de la demande s'élève à",
                  "value": "2600",
                },
                "Q2hhbXAtMjcyMzAyMQ==": Object {
                  "label": "... demander une subvention de",
                  "value": "1300",
                },
                "Q2hhbXAtMjcyMzAyOQ==": Object {
                  "label": "Compte-rendu de l'action subventionnée",
                  "value": "",
                },
                "Q2hhbXAtMzM0ODAxMA==": Object {
                  "label": "Votre région d'intervention",
                  "value": "Auvergne-Rhône-Alpes",
                },
              },
              "dateDepot": "2022-10-07T17:02:34+02:00",
              "dateDerniereModification": "2023-07-26T10:49:43+02:00",
              "datePassageEnInstruction": "2022-11-17T15:13:52+01:00",
              "dateTraitement": "2023-07-26T10:49:42+02:00",
              "demandeur": Object {
                "association": Object {
                  "rna": "W000000001",
                  "titre": "DEMARCHE_1",
                },
                "siret": "00000000000001",
              },
              "demarche": Object {
                "title": "Aide au projet ou au fonctionnement - Transmission culturelle (2023)",
              },
              "groupeInstructeur": Object {
                "label": "Auvergne-Rhône-Alpes",
              },
              "id": "RG9zc2llci0xMDE0ODcxNw==",
              "motivation": "Bonjour, 
Votre subvention 2023 a été mise en paiement. Veuillez trouver, ci-joint, l'acte attributif de subvention. Cet envoi constitue la notification officielle.",
              "pdf": Object {
                "contentType": "application/pdf",
                "filename": "dossier-10148717.pdf",
                "url": "https://www.demarches-simplifiees.fr/api/v2/dossiers/pdf/PDF_ID",
              },
              "state": "accepte",
            },
            "demarcheId": 62746,
            "service": Object {
              "nom": "--",
              "organisme": "Ministère de la Culture",
            },
            "siret": "00000000000001",
          },
          "schema": Object {
            "commonSchema": Array [
              Object {
                "from": "siret",
                "to": "siret",
              },
              Object {
                "from": "demande.groupeInstructeur.label",
                "to": "service_instructeur",
              },
              Object {
                "from": "demande.demarche.title",
                "to": "dispositif",
              },
              Object {
                "from": "demande.annotations.Q2hhbXAtMjU0OTk4Mg==.value",
                "to": "montant_accorde",
              },
              Object {
                "from": "demande.champs.Q2hhbXAtMjcyMzAyMQ==.value",
                "to": "montant_demande",
              },
              Object {
                "from": "demande.champs.Q2hhbXAtMjM2MzQwMg==.value",
                "to": "objet",
              },
              Object {
                "from": "demande.state",
                "to": "providerStatus",
              },
              Object {
                "from": "demande.dateDepot",
                "to": "dateTransmitted",
              },
            ],
            "demarcheId": 62746,
            "schema": Array [
              Object {
                "from": "demande.groupeInstructeur.label",
                "to": "service_instructeur",
              },
              Object {
                "from": "siret",
                "to": "siret",
              },
              Object {
                "from": "demande.state",
                "to": "status",
              },
              Object {
                "from": "demande.champs.Q2hhbXAtMjM2MzQwMg==.value",
                "to": "actions_proposee[0].intitule",
              },
              Object {
                "from": "demande.champs.Q2hhbXAtMjM2MzQwNA==.value",
                "to": "actions_proposee[0].objectifs",
              },
              Object {
                "from": "demande.champs.Q2hhbXAtMjM0MDQ2Mw==.value",
                "to": "actions_proposee[0].description",
              },
              Object {
                "from": "demande.champs.Q2hhbXAtMjcyMzAyMQ==.value",
                "to": "montants.demande",
              },
              Object {
                "from": "demande.annotations.Q2hhbXAtMjU0OTk4Mg==.value",
                "to": "montants.accorde",
              },
              Object {
                "from": "demande.dateDepot",
                "to": "transmis_le",
              },
              Object {
                "from": "demande.champs.Q2hhbXAtMjM2MzQ5NQ==.value",
                "to": "date_debut",
              },
              Object {
                "from": "demande.champs.Q2hhbXAtMjM2MzQ5Ng==.value",
                "to": "date_fin",
              },
              Object {
                "from": "demande.demarche.title",
                "to": "dispositif",
              },
            ],
          },
        },
        "provider": "demarchesSimplifiees",
        "type": "application",
      },
    ],
    "fullGrants": undefined,
    "payments": undefined,
  },
]
`;

exports[`/association /{structure_identifier} should return an association 1`] = `
Object {
  "association": Object {
    "denomination_rna": Array [
      Object {
        "last_update": "2022-01-01T00:00:00.000Z",
        "provider": "Osiris",
        "type": "string",
        "value": "OSIRIS_ENTITY_FIXTURE",
      },
    ],
    "etablisements_siret": Array [
      Object {
        "last_update": "2022-01-01T00:00:00.000Z",
        "provider": "Osiris",
        "type": "object",
        "value": Array [
          "00000000000001",
        ],
      },
    ],
    "rna": Array [
      Object {
        "last_update": "2022-01-01T00:00:00.000Z",
        "provider": "Osiris",
        "type": "string",
        "value": "W000000001",
      },
    ],
    "siren": Array [
      Object {
        "last_update": "2022-01-01T00:00:00.000Z",
        "provider": "Osiris",
        "type": "string",
        "value": "000000000",
      },
    ],
  },
}
`;

exports[`/association /{structure_identifier}/etablissements should return SimplifiedEtablissement[] 1`] = `
Object {
  "etablissements": Array [
    Object {
      "adresse": Array [
        Object {
          "last_update": "2022-01-01T00:00:00.000Z",
          "provider": "Osiris",
          "type": "object",
          "value": Object {},
        },
      ],
      "nic": Array [
        Object {
          "last_update": "2022-01-01T00:00:00.000Z",
          "provider": "Osiris",
          "type": "string",
          "value": "00001",
        },
      ],
      "siege": Array [
        Object {
          "last_update": "2022-01-01T00:00:00.000Z",
          "provider": "Osiris",
          "type": "undefined",
        },
      ],
      "siret": Array [
        Object {
          "last_update": "2022-01-01T00:00:00.000Z",
          "provider": "Osiris",
          "type": "string",
          "value": "00000000000001",
        },
      ],
    },
    Object {
      "adresse": Array [
        Object {
          "last_update": "2022-01-02T00:00:00.000Z",
          "provider": "Extranet FONJEP",
          "type": "object",
          "value": Object {
            "code_postal": "75000",
            "commune": "Paris",
          },
        },
      ],
      "nic": Array [
        Object {
          "last_update": "2022-01-02T00:00:00.000Z",
          "provider": "Extranet FONJEP",
          "type": "string",
          "value": "00002",
        },
      ],
      "siret": Array [
        Object {
          "last_update": "2022-01-02T00:00:00.000Z",
          "provider": "Extranet FONJEP",
          "type": "string",
          "value": "00000000000002",
        },
      ],
    },
  ],
}
`;

exports[`/association /{structure_identifier}/subventions should return a list of subventions 1`] = `
Array [
  Object {
    "actions_proposee": Object {
      "last_update": "2023-07-26T08:49:43.000Z",
      "provider": "Démarches Simplifiées",
      "type": "object",
      "value": Array [
        Object {
          "description": "La pratique artistique est très importante pour sensibiliser les jeunes [...]",
          "intitule": "Atelier d'arts plastiques et d’écriture en Hors temps scolaire ",
          "objectifs": "Projet d'atelier d'arts plastiques [...]",
        },
      ],
    },
    "annee_demande": Object {
      "last_update": "2023-07-26T08:49:43.000Z",
      "provider": "Démarches Simplifiées",
      "type": "number",
      "value": 2023,
    },
    "date_debut": Object {
      "last_update": "2023-07-26T08:49:43.000Z",
      "provider": "Démarches Simplifiées",
      "type": "object",
      "value": Any<Date>,
    },
    "date_fin": Object {
      "last_update": "2023-07-26T08:49:43.000Z",
      "provider": "Démarches Simplifiées",
      "type": "object",
      "value": Any<Date>,
    },
    "dispositif": Object {
      "last_update": "2023-07-26T08:49:43.000Z",
      "provider": "Démarches Simplifiées",
      "type": "string",
      "value": "Aide au projet ou au fonctionnement - Transmission culturelle (2023)",
    },
    "montants": Object {
      "last_update": "2023-07-26T08:49:43.000Z",
      "provider": "Démarches Simplifiées",
      "type": "object",
      "value": Object {
        "demande": 1300,
      },
    },
    "service_instructeur": Object {
      "last_update": "2023-07-26T08:49:43.000Z",
      "provider": "Démarches Simplifiées",
      "type": "string",
      "value": "Auvergne-Rhône-Alpes",
    },
    "siret": Object {
      "last_update": "2023-07-26T08:49:43.000Z",
      "provider": "Démarches Simplifiées",
      "type": "number",
      "value": 1,
    },
    "status": Object {
      "last_update": "2023-07-26T08:49:43.000Z",
      "provider": "Démarches Simplifiées",
      "type": "string",
      "value": "accepte",
    },
    "transmis_le": Object {
      "last_update": "2023-07-26T08:49:43.000Z",
      "provider": "Démarches Simplifiées",
      "type": "string",
      "value": "2022-10-07T17:02:34+02:00",
    },
  },
  Object {
    "annee_demande": Object {
      "last_update": "2022-01-02T00:00:00.000Z",
      "provider": "Extranet FONJEP",
      "type": "number",
      "value": 2022,
    },
    "date_fin": Object {
      "last_update": "2022-01-02T00:00:00.000Z",
      "provider": "Extranet FONJEP",
      "type": "object",
      "value": "2022-01-03T00:00:00.000Z",
    },
    "dispositif": Object {
      "last_update": "2022-01-02T00:00:00.000Z",
      "provider": "Extranet FONJEP",
      "type": "string",
      "value": "Dispositif",
    },
    "montants": Object {
      "accorde": Object {
        "last_update": "2022-01-02T00:00:00.000Z",
        "provider": "Extranet FONJEP",
        "type": "number",
        "value": 500,
      },
      "demande": Object {
        "last_update": "2022-01-02T00:00:00.000Z",
        "provider": "Extranet FONJEP",
        "type": "number",
        "value": 500,
      },
    },
    "plein_temps": Object {
      "last_update": "2022-01-02T00:00:00.000Z",
      "provider": "Extranet FONJEP",
      "type": "string",
      "value": "Oui",
    },
    "pluriannualite": Object {
      "last_update": "2022-01-02T00:00:00.000Z",
      "provider": "Extranet FONJEP",
      "type": "string",
      "value": "Oui",
    },
    "service_instructeur": Object {
      "last_update": "2022-01-02T00:00:00.000Z",
      "provider": "Extranet FONJEP",
      "type": "string",
      "value": "XXX",
    },
    "siret": Object {
      "last_update": "2022-01-02T00:00:00.000Z",
      "provider": "Extranet FONJEP",
      "type": "string",
      "value": "00000000000002",
    },
    "status": Object {
      "last_update": "2022-01-02T00:00:00.000Z",
      "provider": "Extranet FONJEP",
      "type": "string",
      "value": "Attribué - Reconduction",
    },
    "statut_label": Object {
      "last_update": "2022-01-02T00:00:00.000Z",
      "provider": "Extranet FONJEP",
      "type": "string",
      "value": "Accordé",
    },
    "versementKey": Object {
      "last_update": "2022-01-02T00:00:00.000Z",
      "provider": "Extranet FONJEP",
      "type": "string",
      "value": "D00000",
    },
  },
  Object {
    "actions_proposee": Array [],
    "annee_demande": Object {
      "last_update": "2022-01-01T00:00:00.000Z",
      "provider": "OSIRIS",
      "type": "number",
      "value": 2022,
    },
    "contact": Object {
      "email": Object {
        "last_update": "2022-01-01T00:00:00.000Z",
        "provider": "OSIRIS",
        "type": "undefined",
      },
    },
    "date_commision": Object {
      "last_update": "2022-01-01T00:00:00.000Z",
      "provider": "OSIRIS",
      "type": "object",
      "value": "2022-01-01T00:00:00.000Z",
    },
    "dispositif": Object {
      "last_update": "2022-01-01T00:00:00.000Z",
      "provider": "OSIRIS",
      "type": "undefined",
    },
    "ej": Object {
      "last_update": "2022-01-01T00:00:00.000Z",
      "provider": "OSIRIS",
      "type": "string",
      "value": "EJ00001",
    },
    "montants": Object {
      "accorde": Object {
        "last_update": "2022-01-01T00:00:00.000Z",
        "provider": "OSIRIS",
        "type": "undefined",
      },
      "demande": Object {
        "last_update": "2022-01-01T00:00:00.000Z",
        "provider": "OSIRIS",
        "type": "undefined",
      },
      "propose": Object {
        "last_update": "2022-01-01T00:00:00.000Z",
        "provider": "OSIRIS",
        "type": "undefined",
      },
      "total": Object {
        "last_update": "2022-01-01T00:00:00.000Z",
        "provider": "OSIRIS",
        "type": "undefined",
      },
    },
    "pluriannualite": Object {
      "last_update": "2022-01-01T00:00:00.000Z",
      "provider": "OSIRIS",
      "type": "undefined",
    },
    "service_instructeur": Object {
      "last_update": "2022-01-01T00:00:00.000Z",
      "provider": "OSIRIS",
      "type": "undefined",
    },
    "siret": Object {
      "last_update": "2022-01-01T00:00:00.000Z",
      "provider": "OSIRIS",
      "type": "string",
      "value": "00000000000001",
    },
    "sous_dispositif": Object {
      "last_update": "2022-01-01T00:00:00.000Z",
      "provider": "OSIRIS",
      "type": "undefined",
    },
    "status": Object {
      "last_update": "2022-01-01T00:00:00.000Z",
      "provider": "OSIRIS",
      "type": "undefined",
    },
    "statut_label": Object {
      "last_update": "2022-01-01T00:00:00.000Z",
      "provider": "OSIRIS",
      "type": "string",
      "value": "",
    },
    "territoires": Array [],
    "versement": Object {
      "acompte": Object {
        "last_update": "2022-01-01T00:00:00.000Z",
        "provider": "OSIRIS",
        "type": "undefined",
      },
      "compensation": Object {
        "n-1": Object {
          "last_update": "2022-01-01T00:00:00.000Z",
          "provider": "OSIRIS",
          "type": "undefined",
        },
        "reversement": Object {
          "last_update": "2022-01-01T00:00:00.000Z",
          "provider": "OSIRIS",
          "type": "undefined",
        },
      },
      "realise": Object {
        "last_update": "2022-01-01T00:00:00.000Z",
        "provider": "OSIRIS",
        "type": "undefined",
      },
      "solde": Object {
        "last_update": "2022-01-01T00:00:00.000Z",
        "provider": "OSIRIS",
        "type": "undefined",
      },
    },
    "versementKey": Object {
      "last_update": "2022-01-01T00:00:00.000Z",
      "provider": "OSIRIS",
      "type": "string",
      "value": "EJ00001",
    },
  },
]
`;
