// Jest Snapshot v1, https://goo.gl/fbAQLP

exports[`DauphinDtoAdapter toDocuments return proper result 1`] = `
[
  {
    "__meta__": {},
    "nom": {
      "last_update": 2022-02-01T00:00:00.000Z,
      "provider": "Dauphin",
      "type": "string",
      "value": "title1",
    },
    "type": {
      "last_update": 2022-02-01T00:00:00.000Z,
      "provider": "Dauphin",
      "type": "string",
      "value": "test1",
    },
    "url": {
      "last_update": 2022-02-01T00:00:00.000Z,
      "provider": "Dauphin",
      "type": "string",
      "value": "/document/dauphin/?url=https%3A%2F%2Fagent-dauphin.cget.gouv.fr%2Fpath1",
    },
  },
  {
    "__meta__": {},
    "nom": {
      "last_update": 2022-02-01T00:00:00.000Z,
      "provider": "Dauphin",
      "type": "string",
      "value": "title2",
    },
    "type": {
      "last_update": 2022-02-01T00:00:00.000Z,
      "provider": "Dauphin",
      "type": "string",
      "value": "test1",
    },
    "url": {
      "last_update": 2022-02-01T00:00:00.000Z,
      "provider": "Dauphin",
      "type": "string",
      "value": "/document/dauphin/?url=https%3A%2F%2Fagent-dauphin.cget.gouv.fr%2Fpath2",
    },
  },
  {
    "__meta__": {},
    "nom": {
      "last_update": 2022-02-01T00:00:00.000Z,
      "provider": "Dauphin",
      "type": "string",
      "value": "title1",
    },
    "type": {
      "last_update": 2022-02-01T00:00:00.000Z,
      "provider": "Dauphin",
      "type": "string",
      "value": "test1",
    },
    "url": {
      "last_update": 2022-02-01T00:00:00.000Z,
      "provider": "Dauphin",
      "type": "string",
      "value": "/document/dauphin/?url=https%3A%2F%2Fagent-dauphin.cget.gouv.fr%2Fpath1",
    },
  },
  {
    "__meta__": {},
    "nom": {
      "last_update": 2022-02-01T00:00:00.000Z,
      "provider": "Dauphin",
      "type": "string",
      "value": "title2",
    },
    "type": {
      "last_update": 2022-02-01T00:00:00.000Z,
      "provider": "Dauphin",
      "type": "string",
      "value": "test1",
    },
    "url": {
      "last_update": 2022-02-01T00:00:00.000Z,
      "provider": "Dauphin",
      "type": "string",
      "value": "/document/dauphin/?url=https%3A%2F%2Fagent-dauphin.cget.gouv.fr%2Fpath2",
    },
  },
]
`;
