// Jest Snapshot v1, https://goo.gl/fbAQLP

exports[`FonjepParser parse() should call createFonjepEntity with parsedData 1`] = `
Object {
  "Annee": 2017,
  "Association": Object {
    "Code": 1234,
    "CodePostal": "00000",
    "ContactEmail": "exemple@beta.gouv.fr",
    "EstAssociation": "Oui",
    "EstCoFinanceurPostes": "Non",
    "EstFinanceurPostes": "Non",
    "RaisonSociale": "CENTRE D'INFO ****",
    "SiretOuRidet": "00000000000000",
    "Ville": "Paris",
  },
  "AssociationBeneficiaireCode": 1234,
  "AssociationImplantationCode": 1234,
  "Code": "J10540",
  "DateFinTriennalite": 43465,
  "DispositifId": 3,
  "DoublementUniteCompte": "Non",
  "Financeur": Object {
    "Code": 1234,
    "CodePostal": "00000",
    "ContactEmail": "exemple@beta.gouv.fr",
    "EstAssociation": "Oui",
    "EstCoFinanceurPostes": "Non",
    "EstFinanceurPostes": "Non",
    "RaisonSociale": "CENTRE D'INFO ****",
    "SiretOuRidet": "00000000000000",
    "Ville": "Paris",
  },
  "FinanceurAttributeurCode": 1234,
  "FinanceurPrincipalCode": "1234",
  "MontantSubvention": 6666,
  "PleinTemps": "Oui",
  "PstRaisonStatutLibelle": "Reconduction",
  "PstStatutPosteLibelle": "Attribu√©",
  "PstTypePosteCode": "FONJEP",
  "TypePoste": Object {
    "Code": "FONJEP",
    "Libelle": "Poste FONJEP",
  },
  "dispositif": Object {
    "FinanceurCode": 10008,
    "ID": 3,
    "Libelle": "FONJEP Politique de la ville",
  },
  "id": Any<String>,
  "updated_at": 2022-03-03T00:00:00.000Z,
}
`;
