// Vitest Snapshot v1, https://vitest.dev/guide/snapshot.html

exports[`VersementTableController > extractHeaders() > return an array of header 1`] = `
[
  "Montant versÃ©",
  "Centre financier",
  "Date du versement",
  "BOP",
]
`;

exports[`VersementTableController extractHeaders() return an array of header 1`] = `
[
  "Montant versÃ©",
  "Centre financier",
  "Date du versement",
  "BOP",
]
`;
