// Vitest Snapshot v1, https://vitest.dev/guide/snapshot.html

exports[`SignupACController > constructor > should define form steps 1`] = `
[
  {
    "alert": [Function],
    "component": [Function],
    "name": "Informations sur votre profil",
    "needsValidation": true,
  },
  {
    "component": [Function],
    "name": "Informations sur votre structure",
  },
]
`;
