// Jest Snapshot v1, https://goo.gl/fbAQLP

exports[`ActivateAccountController constructor should define form steps 1`] = `
[
  {
    "alert": [Function],
    "component": [Function],
    "name": "DÃ©finir un mot de passe",
  },
]
`;
