// Jest Snapshot v1, https://goo.gl/fbAQLP

exports[`ParserHelper parseCsv() should apply custom delimiter 1`] = `
Array [
  Array [
    "this is a string, with , (coma)",
  ],
  Array [
    "this is a string, with ",
    " (semi-colon)",
  ],
]
`;

exports[`ParserHelper parseCsv() should apply default delimiter 1`] = `
Array [
  Array [
    "this is a string",
    " with ",
    " (coma)",
  ],
  Array [
    "this is a string",
    " with ",
    " (semi-colon)",
  ],
]
`;
