// Jest Snapshot v1, https://goo.gl/fbAQLP

exports[`removeSecrets should remove all secret in user 1`] = `
Object {
  "_id": Any<ObjectId>,
  "active": false,
  "email": "test22@beta.gouv.fr",
  "profileToComplete": false,
  "roles": Array [
    "user",
  ],
  "signupAt": Any<Date>,
}
`;
