// Jest Snapshot v1, https://goo.gl/fbAQLP

exports[`UserPort getUserWithSecretsByEmail should return user 1`] = `
{
  "_id": Any<ObjectId>,
  "active": false,
  "email": "test@beta.gouv.fr",
  "firstName": null,
  "jwt": {
    "expirateDate": Any<Date>,
    "token": Any<String>,
  },
  "lastActivityDate": null,
  "lastName": null,
  "nbVisits": 0,
  "profileToComplete": true,
  "roles": [
    "user",
  ],
  "signupAt": Any<Date>,
}
`;
