// Jest Snapshot v1, https://goo.gl/fbAQLP

exports[`SireneStockUniteLegaleCli parse should persist asso names 1`] = `
Array [
  Object {
    "_id": Any<ObjectId>,
    "name": "CENTRE MEDICO PSYCHO PEDAGOGIQUE",
    "searchKey": "300483146 - centre medico psycho pedagogique",
    "siren": "300483146",
    "updatedDate": 2012-08-01T00:00:00.000Z,
  },
  Object {
    "_id": Any<ObjectId>,
    "name": "EDUCATION POPULAIRE DU FAUBOURG VOSGES",
    "searchKey": "300846177 - education populaire du faubourg vosges",
    "siren": "300846177",
    "updatedDate": 2008-01-01T00:00:00.000Z,
  },
]
`;

exports[`SireneStockUniteLegaleCli parse should persist entreprises' siret 1`] = `
Array [
  Object {
    "_id": Any<ObjectId>,
    "siren": "038995593",
  },
  Object {
    "_id": Any<ObjectId>,
    "siren": "039084561",
  },
]
`;

exports[`SireneStockUniteLegaleCli parse should persist sirene data 1`] = `
Array [
  Object {
    "_id": Any<ObjectId>,
    "activitePrincipaleUniteLegale": "86.90F",
    "anneeCategorieEntreprise": "",
    "anneeEffectifsUniteLegale": "",
    "caractereEmployeurUniteLegale": "",
    "categorieEntreprise": "",
    "categorieJuridiqueUniteLegale": "9210",
    "dateCreationUniteLegale": "1987-10-28",
    "dateDebut": "2012-08-01",
    "dateDernierTraitementUniteLegale": "2024-03-22 14:26:06",
    "denominationUniteLegale": "CENTRE MEDICO PSYCHO PEDAGOGIQUE",
    "denominationUsuelle1UniteLegale": "",
    "denominationUsuelle2UniteLegale": "",
    "denominationUsuelle3UniteLegale": "",
    "economieSocialeSolidaireUniteLegale": "",
    "etatAdministratifUniteLegale": "A",
    "identifiantAssociationUniteLegale": "",
    "nicSiegeUniteLegale": "00035",
    "nomUniteLegale": "",
    "nomUsageUniteLegale": "",
    "nombrePeriodesUniteLegale": "6",
    "nomenclatureActivitePrincipaleUniteLegale": "NAFRev2",
    "prenom1UniteLegale": "",
    "prenom2UniteLegale": "",
    "prenom3UniteLegale": "",
    "prenom4UniteLegale": "",
    "prenomUsuelUniteLegale": "",
    "pseudonymeUniteLegale": "",
    "sexeUniteLegale": "",
    "sigleUniteLegale": "",
    "siren": Object {
      "siren": "300483146",
    },
    "societeMissionUniteLegale": "",
    "statutDiffusionUniteLegale": "O",
    "trancheEffectifsUniteLegale": "",
    "unitePurgeeUniteLegale": "",
  },
  Object {
    "_id": Any<ObjectId>,
    "activitePrincipaleUniteLegale": "55.20Z",
    "anneeCategorieEntreprise": "",
    "anneeEffectifsUniteLegale": "",
    "caractereEmployeurUniteLegale": "",
    "categorieEntreprise": "",
    "categorieJuridiqueUniteLegale": "9210",
    "dateCreationUniteLegale": "1900-01-01",
    "dateDebut": "2008-01-01",
    "dateDernierTraitementUniteLegale": "2024-03-22 14:26:06",
    "denominationUniteLegale": "EDUCATION POPULAIRE DU FAUBOURG VOSGES",
    "denominationUsuelle1UniteLegale": "",
    "denominationUsuelle2UniteLegale": "",
    "denominationUsuelle3UniteLegale": "",
    "economieSocialeSolidaireUniteLegale": "",
    "etatAdministratifUniteLegale": "A",
    "identifiantAssociationUniteLegale": "",
    "nicSiegeUniteLegale": "00016",
    "nomUniteLegale": "",
    "nomUsageUniteLegale": "",
    "nombrePeriodesUniteLegale": "3",
    "nomenclatureActivitePrincipaleUniteLegale": "NAFRev2",
    "prenom1UniteLegale": "",
    "prenom2UniteLegale": "",
    "prenom3UniteLegale": "",
    "prenom4UniteLegale": "",
    "prenomUsuelUniteLegale": "",
    "pseudonymeUniteLegale": "",
    "sexeUniteLegale": "",
    "sigleUniteLegale": "",
    "siren": Object {
      "siren": "300846177",
    },
    "societeMissionUniteLegale": "",
    "statutDiffusionUniteLegale": "O",
    "trancheEffectifsUniteLegale": "",
    "unitePurgeeUniteLegale": "",
  },
]
`;
