// Jest Snapshot v1, https://goo.gl/fbAQLP

exports[`FonjepCli parse() should add FonjepPaymentFlat 1`] = `
[
  {
    "_id": Any<String>,
    "action": "N/A",
    "activite": "N/A",
    "attachementComptable": "N/A",
    "codeAction": "N/A",
    "codeActivite": "N/A",
    "codeCentreFinancier": "N/A",
    "dateOperation": 2017-01-26T00:00:00.000Z,
    "ej": "N/A",
    "exerciceBudgetaire": 2017,
    "idEntrepriseBeneficiaire": "000000000",
    "idEtablissementBeneficiaire": "00000000000000",
    "idVersement": "J10540-2015-12-31-2017-00000000000000",
    "libelleCentreFinancier": "N/A",
    "ministere": "nom_ministere_1",
    "mission": "mission_1",
    "montant": 1777,
    "numeroProgramme": 163,
    "programme": "programme_1",
    "provider": "fonjep",
    "regionAttachementComptable": "N/A",
    "sigleMinistere": "sigle_ministere_1",
    "typeIdEntrepriseBeneficiaire": "siren",
    "typeIdEtablissementBeneficiaire": "siret",
    "uniqueId": "fonjep-J10540-2015-12-31-2017-00000000000000-163-N/A-N/A-2017-01-26-N/A-N/A",
  },
  {
    "_id": Any<String>,
    "action": "N/A",
    "activite": "N/A",
    "attachementComptable": "N/A",
    "codeAction": "N/A",
    "codeActivite": "N/A",
    "codeCentreFinancier": "N/A",
    "dateOperation": 2017-04-27T00:00:00.000Z,
    "ej": "N/A",
    "exerciceBudgetaire": 2017,
    "idEntrepriseBeneficiaire": "000000000",
    "idEtablissementBeneficiaire": "00000000000000",
    "idVersement": "J10540-2015-12-31-2017-00000000000000",
    "libelleCentreFinancier": "N/A",
    "ministere": "nom_ministere_1",
    "mission": "mission_1",
    "montant": 1777,
    "numeroProgramme": 163,
    "programme": "programme_1",
    "provider": "fonjep",
    "regionAttachementComptable": "N/A",
    "sigleMinistere": "sigle_ministere_1",
    "typeIdEntrepriseBeneficiaire": "siren",
    "typeIdEtablissementBeneficiaire": "siret",
    "uniqueId": "fonjep-J10540-2015-12-31-2017-00000000000000-163-N/A-N/A-2017-04-27-N/A-N/A",
  },
  {
    "_id": Any<String>,
    "action": "N/A",
    "activite": "N/A",
    "attachementComptable": "N/A",
    "codeAction": "N/A",
    "codeActivite": "N/A",
    "codeCentreFinancier": "N/A",
    "dateOperation": 2017-07-11T00:00:00.000Z,
    "ej": "N/A",
    "exerciceBudgetaire": 2017,
    "idEntrepriseBeneficiaire": "000000000",
    "idEtablissementBeneficiaire": "00000000000000",
    "idVersement": "J10540-2015-12-31-2017-00000000000000",
    "libelleCentreFinancier": "N/A",
    "ministere": "nom_ministere_1",
    "mission": "mission_1",
    "montant": 1777,
    "numeroProgramme": 163,
    "programme": "programme_1",
    "provider": "fonjep",
    "regionAttachementComptable": "N/A",
    "sigleMinistere": "sigle_ministere_1",
    "typeIdEntrepriseBeneficiaire": "siren",
    "typeIdEtablissementBeneficiaire": "siret",
    "uniqueId": "fonjep-J10540-2015-12-31-2017-00000000000000-163-N/A-N/A-2017-07-11-N/A-N/A",
  },
  {
    "_id": Any<String>,
    "action": "N/A",
    "activite": "N/A",
    "attachementComptable": "N/A",
    "codeAction": "N/A",
    "codeActivite": "N/A",
    "codeCentreFinancier": "N/A",
    "dateOperation": 2017-10-19T00:00:00.000Z,
    "ej": "N/A",
    "exerciceBudgetaire": 2017,
    "idEntrepriseBeneficiaire": "000000000",
    "idEtablissementBeneficiaire": "00000000000000",
    "idVersement": "J10540-2015-12-31-2017-00000000000000",
    "libelleCentreFinancier": "N/A",
    "ministere": "nom_ministere_1",
    "mission": "mission_1",
    "montant": 1776,
    "numeroProgramme": 163,
    "programme": "programme_1",
    "provider": "fonjep",
    "regionAttachementComptable": "N/A",
    "sigleMinistere": "sigle_ministere_1",
    "typeIdEntrepriseBeneficiaire": "siren",
    "typeIdEtablissementBeneficiaire": "siret",
    "uniqueId": "fonjep-J10540-2015-12-31-2017-00000000000000-163-N/A-N/A-2017-10-19-N/A-N/A",
  },
  {
    "_id": Any<String>,
    "action": "N/A",
    "activite": "N/A",
    "attachementComptable": "N/A",
    "codeAction": "N/A",
    "codeActivite": "N/A",
    "codeCentreFinancier": "N/A",
    "dateOperation": 2017-01-26T00:00:00.000Z,
    "ej": "N/A",
    "exerciceBudgetaire": 2017,
    "idEntrepriseBeneficiaire": "000000000",
    "idEtablissementBeneficiaire": "00000000000000",
    "idVersement": "J23425-2015-12-31-2017-00000000000000",
    "libelleCentreFinancier": "N/A",
    "ministere": "nom_ministere_2",
    "mission": "mission_2",
    "montant": 1777,
    "numeroProgramme": 361,
    "programme": "programme_2",
    "provider": "fonjep",
    "regionAttachementComptable": "N/A",
    "sigleMinistere": "sigle_ministere_2",
    "typeIdEntrepriseBeneficiaire": "siren",
    "typeIdEtablissementBeneficiaire": "siret",
    "uniqueId": "fonjep-J23425-2015-12-31-2017-00000000000000-361-N/A-N/A-2017-01-26-N/A-N/A",
  },
  {
    "_id": Any<String>,
    "action": "N/A",
    "activite": "N/A",
    "attachementComptable": "N/A",
    "codeAction": "N/A",
    "codeActivite": "N/A",
    "codeCentreFinancier": "N/A",
    "dateOperation": 2017-04-27T00:00:00.000Z,
    "ej": "N/A",
    "exerciceBudgetaire": 2017,
    "idEntrepriseBeneficiaire": "000000000",
    "idEtablissementBeneficiaire": "00000000000000",
    "idVersement": "J23425-2015-12-31-2017-00000000000000",
    "libelleCentreFinancier": "N/A",
    "ministere": "nom_ministere_2",
    "mission": "mission_2",
    "montant": 1777,
    "numeroProgramme": 361,
    "programme": "programme_2",
    "provider": "fonjep",
    "regionAttachementComptable": "N/A",
    "sigleMinistere": "sigle_ministere_2",
    "typeIdEntrepriseBeneficiaire": "siren",
    "typeIdEtablissementBeneficiaire": "siret",
    "uniqueId": "fonjep-J23425-2015-12-31-2017-00000000000000-361-N/A-N/A-2017-04-27-N/A-N/A",
  },
  {
    "_id": Any<String>,
    "action": "N/A",
    "activite": "N/A",
    "attachementComptable": "N/A",
    "codeAction": "N/A",
    "codeActivite": "N/A",
    "codeCentreFinancier": "N/A",
    "dateOperation": 2017-07-11T00:00:00.000Z,
    "ej": "N/A",
    "exerciceBudgetaire": 2017,
    "idEntrepriseBeneficiaire": "000000000",
    "idEtablissementBeneficiaire": "00000000000000",
    "idVersement": "J23425-2015-12-31-2017-00000000000000",
    "libelleCentreFinancier": "N/A",
    "ministere": "nom_ministere_2",
    "mission": "mission_2",
    "montant": 1777,
    "numeroProgramme": 361,
    "programme": "programme_2",
    "provider": "fonjep",
    "regionAttachementComptable": "N/A",
    "sigleMinistere": "sigle_ministere_2",
    "typeIdEntrepriseBeneficiaire": "siren",
    "typeIdEtablissementBeneficiaire": "siret",
    "uniqueId": "fonjep-J23425-2015-12-31-2017-00000000000000-361-N/A-N/A-2017-07-11-N/A-N/A",
  },
  {
    "_id": Any<String>,
    "action": "N/A",
    "activite": "N/A",
    "attachementComptable": "N/A",
    "codeAction": "N/A",
    "codeActivite": "N/A",
    "codeCentreFinancier": "N/A",
    "dateOperation": 2018-09-06T00:00:00.000Z,
    "ej": "N/A",
    "exerciceBudgetaire": 2017,
    "idEntrepriseBeneficiaire": "000000000",
    "idEtablissementBeneficiaire": "00000000000000",
    "idVersement": "J23425-2015-12-31-2017-00000000000000",
    "libelleCentreFinancier": "N/A",
    "ministere": "nom_ministere_2",
    "mission": "mission_2",
    "montant": 1776,
    "numeroProgramme": 361,
    "programme": "programme_2",
    "provider": "fonjep",
    "regionAttachementComptable": "N/A",
    "sigleMinistere": "sigle_ministere_2",
    "typeIdEntrepriseBeneficiaire": "siren",
    "typeIdEtablissementBeneficiaire": "siret",
    "uniqueId": "fonjep-J23425-2015-12-31-2017-00000000000000-361-N/A-N/A-2018-09-06-N/A-N/A",
  },
  {
    "_id": Any<String>,
    "action": "N/A",
    "activite": "N/A",
    "attachementComptable": "N/A",
    "codeAction": "N/A",
    "codeActivite": "N/A",
    "codeCentreFinancier": "N/A",
    "dateOperation": 2017-01-26T00:00:00.000Z,
    "ej": "N/A",
    "exerciceBudgetaire": 2022,
    "idEntrepriseBeneficiaire": "000000000",
    "idEtablissementBeneficiaire": "00000000000000",
    "idVersement": "J02924-2021-12-31-2022-00000000000000",
    "libelleCentreFinancier": "N/A",
    "ministere": "nom_ministere_1",
    "mission": "mission_1",
    "montant": 1791,
    "numeroProgramme": 163,
    "programme": "programme_1",
    "provider": "fonjep",
    "regionAttachementComptable": "N/A",
    "sigleMinistere": "sigle_ministere_1",
    "typeIdEntrepriseBeneficiaire": "siren",
    "typeIdEtablissementBeneficiaire": "siret",
    "uniqueId": "fonjep-J02924-2021-12-31-2022-00000000000000-163-N/A-N/A-2017-01-26-N/A-N/A",
  },
  {
    "_id": Any<String>,
    "action": "N/A",
    "activite": "N/A",
    "attachementComptable": "N/A",
    "codeAction": "N/A",
    "codeActivite": "N/A",
    "codeCentreFinancier": "N/A",
    "dateOperation": 2017-04-27T00:00:00.000Z,
    "ej": "N/A",
    "exerciceBudgetaire": 2022,
    "idEntrepriseBeneficiaire": "000000000",
    "idEtablissementBeneficiaire": "00000000000000",
    "idVersement": "J02924-2021-12-31-2022-00000000000000",
    "libelleCentreFinancier": "N/A",
    "ministere": "nom_ministere_1",
    "mission": "mission_1",
    "montant": 1791,
    "numeroProgramme": 163,
    "programme": "programme_1",
    "provider": "fonjep",
    "regionAttachementComptable": "N/A",
    "sigleMinistere": "sigle_ministere_1",
    "typeIdEntrepriseBeneficiaire": "siren",
    "typeIdEtablissementBeneficiaire": "siret",
    "uniqueId": "fonjep-J02924-2021-12-31-2022-00000000000000-163-N/A-N/A-2017-04-27-N/A-N/A",
  },
  {
    "_id": Any<String>,
    "action": "N/A",
    "activite": "N/A",
    "attachementComptable": "N/A",
    "codeAction": "N/A",
    "codeActivite": "N/A",
    "codeCentreFinancier": "N/A",
    "dateOperation": 2017-07-11T00:00:00.000Z,
    "ej": "N/A",
    "exerciceBudgetaire": 2022,
    "idEntrepriseBeneficiaire": "000000000",
    "idEtablissementBeneficiaire": "00000000000000",
    "idVersement": "J02924-2021-12-31-2022-00000000000000",
    "libelleCentreFinancier": "N/A",
    "ministere": "nom_ministere_1",
    "mission": "mission_1",
    "montant": 1791,
    "numeroProgramme": 163,
    "programme": "programme_1",
    "provider": "fonjep",
    "regionAttachementComptable": "N/A",
    "sigleMinistere": "sigle_ministere_1",
    "typeIdEntrepriseBeneficiaire": "siren",
    "typeIdEtablissementBeneficiaire": "siret",
    "uniqueId": "fonjep-J02924-2021-12-31-2022-00000000000000-163-N/A-N/A-2017-07-11-N/A-N/A",
  },
  {
    "_id": Any<String>,
    "action": "N/A",
    "activite": "N/A",
    "attachementComptable": "N/A",
    "codeAction": "N/A",
    "codeActivite": "N/A",
    "codeCentreFinancier": "N/A",
    "dateOperation": 2017-10-19T00:00:00.000Z,
    "ej": "N/A",
    "exerciceBudgetaire": 2022,
    "idEntrepriseBeneficiaire": "000000000",
    "idEtablissementBeneficiaire": "00000000000000",
    "idVersement": "J02924-2021-12-31-2022-00000000000000",
    "libelleCentreFinancier": "N/A",
    "ministere": "nom_ministere_1",
    "mission": "mission_1",
    "montant": 1791,
    "numeroProgramme": 163,
    "programme": "programme_1",
    "provider": "fonjep",
    "regionAttachementComptable": "N/A",
    "sigleMinistere": "sigle_ministere_1",
    "typeIdEntrepriseBeneficiaire": "siren",
    "typeIdEtablissementBeneficiaire": "siret",
    "uniqueId": "fonjep-J02924-2021-12-31-2022-00000000000000-163-N/A-N/A-2017-10-19-N/A-N/A",
  },
]
`;

exports[`FonjepCli parse() should create or remplace TypePoste collection 1`] = `
[
  {
    "_id": Any<ObjectId>,
    "code": "DOUBLE",
    "libelle": "UNITE DE COMPTE DOUBLEE",
  },
  {
    "_id": Any<ObjectId>,
    "code": "FONJEP",
    "libelle": "Poste FONJEP",
  },
  {
    "_id": Any<ObjectId>,
    "code": "PSTEMP",
    "libelle": "POSTES EMPOI FONJEP (100 %)",
  },
  {
    "_id": Any<ObjectId>,
    "code": "FONBIS",
    "libelle": "PROLONGATION PAS DE FRAIS",
  },
]
`;

exports[`FonjepCli parse() should create or replace Dispositif collection 1`] = `
[
  {
    "_id": Any<ObjectId>,
    "financeurCode": "10004",
    "id": 1,
    "libelle": "FONJEP Jeunesse éducation populaire",
  },
  {
    "_id": Any<ObjectId>,
    "financeurCode": "10005",
    "id": 2,
    "libelle": "FONJEP Cohésion sociale",
  },
  {
    "_id": Any<ObjectId>,
    "financeurCode": "10008",
    "id": 3,
    "libelle": "FONJEP Politique de la ville",
  },
  {
    "_id": Any<ObjectId>,
    "financeurCode": "10009",
    "id": 4,
    "libelle": "FONJEP Guid'Asso",
  },
  {
    "_id": Any<ObjectId>,
    "financeurCode": "10010",
    "id": 5,
    "libelle": "FONJEP Éducation à la citoyenneté et à la solidarité internationale (ECSI)",
  },
  {
    "_id": Any<ObjectId>,
    "financeurCode": "10012",
    "id": 6,
    "libelle": "FONJEP Culture",
  },
  {
    "_id": Any<ObjectId>,
    "financeurCode": "10016",
    "id": 7,
    "libelle": "FONJEP Centre de ressources et d'information des bénévoles",
  },
  {
    "_id": Any<ObjectId>,
    "financeurCode": "10017",
    "id": 8,
    "libelle": "FONJEP Jeunes",
  },
]
`;

exports[`FonjepCli parse() should create or replace Poste collection 1`] = `
[
  {
    "_id": Any<ObjectId>,
    "annee": 2017,
    "associationBeneficiaireCode": 1,
    "associationImplantationCode": 1,
    "code": "J10540",
    "dateFinTriennalite": 2018-12-31T00:00:00.000Z,
    "dispositifId": "1",
    "doublementUniteCompte": "Non",
    "financeurAttributeurCode": 1,
    "financeurPrincipalCode": 10004,
    "montantSubvention": 6666,
    "pleinTemps": "Oui",
    "pstRaisonStatutLibelle": "Reconduction",
    "pstStatutPosteLibelle": "Attribué",
    "pstTypePosteCode": "FONJEP",
  },
  {
    "_id": Any<ObjectId>,
    "annee": 2022,
    "associationBeneficiaireCode": 2,
    "associationImplantationCode": 2,
    "code": "J02924",
    "dateFinTriennalite": 2024-12-31T00:00:00.000Z,
    "dispositifId": 3,
    "doublementUniteCompte": "Non",
    "financeurAttributeurCode": 2,
    "financeurPrincipalCode": 10005,
    "montantSubvention": 7164,
    "pleinTemps": "Oui",
    "pstRaisonStatutLibelle": "Création",
    "pstStatutPosteLibelle": "Attribué",
    "pstTypePosteCode": "FONJEP",
  },
  {
    "_id": Any<ObjectId>,
    "annee": 2017,
    "associationBeneficiaireCode": 3,
    "associationImplantationCode": 3,
    "code": "J23425",
    "dateFinTriennalite": 2018-12-31T00:00:00.000Z,
    "dispositifId": 2,
    "doublementUniteCompte": "Non",
    "financeurAttributeurCode": 3,
    "financeurPrincipalCode": 10012,
    "montantSubvention": 5142,
    "pleinTemps": "Oui",
    "pstRaisonStatutLibelle": "Création",
    "pstStatutPosteLibelle": "Attribué",
    "pstTypePosteCode": "FONJEP",
  },
]
`;

exports[`FonjepCli parse() should create or replace Tiers collection 1`] = `
[
  {
    "_id": Any<ObjectId>,
    "code": 1,
    "codePostal": "00000",
    "contactEmail": "exemple@beta.gouv.fr",
    "estAssociation": "Oui",
    "estCoFinanceurPostes": "Non",
    "estFinanceurPostes": "Non",
    "raisonSociale": "CENTRE D'INFO ****",
    "siretOuRidet": "00000000000000",
    "ville": "Paris",
  },
  {
    "_id": Any<ObjectId>,
    "code": 2,
    "codePostal": "00000",
    "contactEmail": "exemple@beta.gouv.fr",
    "estAssociation": "Oui",
    "estCoFinanceurPostes": "Non",
    "estFinanceurPostes": "Non",
    "raisonSociale": "CHEMINEE CLARKS",
    "siretOuRidet": "00000000000000",
    "ville": "Paris",
  },
  {
    "_id": Any<ObjectId>,
    "code": 3,
    "codePostal": "00000",
    "contactEmail": "exemple@beta.gouv.fr",
    "estAssociation": "Oui",
    "estCoFinanceurPostes": "Non",
    "estFinanceurPostes": "Non",
    "raisonSociale": "DES IDEES PLEIN LA TERRE",
    "siretOuRidet": "00000000000000",
    "ville": "Paris",
  },
]
`;

exports[`FonjepCli parse() should create or replace versement collection 1`] = `
[
  {
    "_id": Any<ObjectId>,
    "dateVersement": 2017-01-26T00:00:00.000Z,
    "montantAPayer": 1777,
    "montantPaye": 1777,
    "periodeDebut": 2017-01-01T00:00:00.000Z,
    "periodeFin": 2017-03-31T00:00:00.000Z,
    "posteCode": "J10540",
  },
  {
    "_id": Any<ObjectId>,
    "dateVersement": 2017-04-27T00:00:00.000Z,
    "montantAPayer": 1777,
    "montantPaye": 1777,
    "periodeDebut": 2017-04-01T00:00:00.000Z,
    "periodeFin": 2017-06-30T00:00:00.000Z,
    "posteCode": "J10540",
  },
  {
    "_id": Any<ObjectId>,
    "dateVersement": 2017-07-11T00:00:00.000Z,
    "montantAPayer": 1777,
    "montantPaye": 1777,
    "periodeDebut": 2017-07-01T00:00:00.000Z,
    "periodeFin": 2017-09-30T00:00:00.000Z,
    "posteCode": "J10540",
  },
  {
    "_id": Any<ObjectId>,
    "dateVersement": 2017-10-19T00:00:00.000Z,
    "montantAPayer": 1776,
    "montantPaye": 1776,
    "periodeDebut": 2017-10-01T00:00:00.000Z,
    "periodeFin": 2017-12-31T00:00:00.000Z,
    "posteCode": "J10540",
  },
  {
    "_id": Any<ObjectId>,
    "dateVersement": 2017-01-26T00:00:00.000Z,
    "montantAPayer": 1777,
    "montantPaye": 1777,
    "periodeDebut": 2017-01-01T00:00:00.000Z,
    "periodeFin": 2017-03-31T00:00:00.000Z,
    "posteCode": "J23425",
  },
  {
    "_id": Any<ObjectId>,
    "dateVersement": 2017-04-27T00:00:00.000Z,
    "montantAPayer": 1777,
    "montantPaye": 1777,
    "periodeDebut": 2017-04-01T00:00:00.000Z,
    "periodeFin": 2017-06-30T00:00:00.000Z,
    "posteCode": "J23425",
  },
  {
    "_id": Any<ObjectId>,
    "dateVersement": 2017-07-11T00:00:00.000Z,
    "montantAPayer": 1777,
    "montantPaye": 1777,
    "periodeDebut": 2017-07-01T00:00:00.000Z,
    "periodeFin": 2017-09-30T00:00:00.000Z,
    "posteCode": "J23425",
  },
  {
    "_id": Any<ObjectId>,
    "dateVersement": 2018-09-06T00:00:00.000Z,
    "montantAPayer": 1776,
    "montantPaye": 1776,
    "periodeDebut": 2017-10-01T00:00:00.000Z,
    "periodeFin": 2017-12-31T00:00:00.000Z,
    "posteCode": "J23425",
  },
  {
    "_id": Any<ObjectId>,
    "dateVersement": 2017-01-26T00:00:00.000Z,
    "montantAPayer": 1791,
    "montantPaye": 1791,
    "periodeDebut": 2017-01-01T00:00:00.000Z,
    "periodeFin": 2017-03-31T00:00:00.000Z,
    "posteCode": "J02924",
  },
  {
    "_id": Any<ObjectId>,
    "dateVersement": 2017-04-27T00:00:00.000Z,
    "montantAPayer": 1791,
    "montantPaye": 1791,
    "periodeDebut": 2017-04-01T00:00:00.000Z,
    "periodeFin": 2017-06-30T00:00:00.000Z,
    "posteCode": "J02924",
  },
  {
    "_id": Any<ObjectId>,
    "dateVersement": 2017-07-11T00:00:00.000Z,
    "montantAPayer": 1791,
    "montantPaye": 1791,
    "periodeDebut": 2017-07-01T00:00:00.000Z,
    "periodeFin": 2017-09-30T00:00:00.000Z,
    "posteCode": "J02924",
  },
  {
    "_id": Any<ObjectId>,
    "dateVersement": 2017-10-19T00:00:00.000Z,
    "montantAPayer": 1791,
    "montantPaye": 1791,
    "periodeDebut": 2017-10-01T00:00:00.000Z,
    "periodeFin": 2017-12-31T00:00:00.000Z,
    "posteCode": "J02924",
  },
]
`;
