// Vitest Snapshot v1, https://vitest.dev/guide/snapshot.html

exports[`ActivateAccountController > constructor > should define form steps 1`] = `
[
  {
    "alert": [Function],
    "component": [Function],
    "name": "DÃ©finir un mot de passe",
  },
  {
    "alert": [Function],
    "component": [Function],
    "name": "Informations sur votre profil",
  },
]
`;
