// Jest Snapshot v1, https://goo.gl/fbAQLP

exports[`DumpPipedriveParser adapts adapts correctly 1`] = `
Array [
  Object {
    "agentType": "DECONCENTRATED",
    "decentralizedLevel": "DEPARTMENTAL",
    "department": "69 - Rh么ne",
    "email": "prenom.nom@base.fr",
    "firstName": "Prenom",
    "jobType": Array [
      "SERVICE_HEAD",
      "EXPERT",
    ],
    "lastName": "NOM",
    "phoneNumber": "06 00 00 00 00",
    "region": "Auvergne-Rh么ne-Alpes",
    "service": "",
    "structure": "UNIVERSITE",
  },
  Object {
    "agentType": "CENTRAL_ADMIN",
    "decentralizedLevel": undefined,
    "department": "69 - Rh么ne",
    "email": "prenom2.nom2@base.fr",
    "firstName": "Prenom2",
    "jobType": Array [],
    "lastName": "NOM2",
    "phoneNumber": "0600000000",
    "region": "Auvergne-Rh么ne-Alpes",
    "service": "",
    "structure": "UNIVERSITE",
  },
]
`;
